// Jest Snapshot v1, https://goo.gl/fbAQLP

exports[`renders correctly 1`] = `
<div
  className="footer"
>
  <span>
    Contact us
    <br />
    office@habittracker.com
  </span>
</div>
`;
